{"AvgTotal":1.527871,"Fastest":0.1433813,"Slowest":0.1623964,"Average":0.1527871,"Rps":61.57771970314613,"AvgConn":0.06705660999999999,"AvgDNS":0.0009682,"AvgReq":0,"AvgRes":0,"AvgDelay":0.08573049,"ConnMax":0.0009682,"ConnMin":0.0009682,"DnsMax":0.0009682,"DnsMin":0.0009682,"ReqMin":0,"ReqMax":0,"ResMin":0,"ResMax":0,"DelayMax":0.0812374,"DelayMin":0.0902393,"Lats":[0.1433813,0.1453859,0.1463859,0.1473811,0.1473811,0.1573829,0.1583861,0.1593988,0.1603915,0.1623964],"ConnLats":[0.0009682,0.0009682,0.0009682,0.0009682,0.0009682,0.0009682,0.0009682,0.0009682,0.0009682,0.0009682],"DnsLats":[0.0009682,0.0009682,0.0009682,0.0009682,0.0009682,0.0009682,0.0009682,0.0009682,0.0009682,0.0009682],"ReqLats":[0,0,0,0,0,0,0,0,0,0],"ResLats":[0,0,0,0,0,0,0,0,0,0],"DelayLats":[0.0812385,0.0832431,0.0812374,0.0822326,0.0822326,0.0882081,0.0892113,0.090224,0.089238,0.0902393],"Total":162396400,"ErrorDist":{},"StatusCodeDist":{"404":10},"SizeTotal":5640,"SizeReq":564,"NumRes":10,"LatencyDistribution":[{"Percentage":10,"Latency":0.1453859},{"Percentage":25,"Latency":0.1473811},{"Percentage":50,"Latency":0.1573829},{"Percentage":75,"Latency":0.1603915},{"Percentage":90,"Latency":0.1623964},{"Percentage":0,"Latency":0},{"Percentage":0,"Latency":0}],"Histogram":[{"Mark":0.1433813,"Count":1,"Frequentcy":0.1},{"Mark":0.14528280999999998,"Count":0,"Frequentcy":0},{"Mark":0.14718431999999998,"Count":2,"Frequentcy":0.2},{"Mark":0.14908583,"Count":2,"Frequentcy":0.2},{"Mark":0.15098734,"Count":0,"Frequentcy":0},{"Mark":0.15288885,"Count":0,"Frequentcy":0},{"Mark":0.15479036,"Count":0,"Frequentcy":0},{"Mark":0.15669186999999998,"Count":0,"Frequentcy":0},{"Mark":0.15859338,"Count":2,"Frequentcy":0.2},{"Mark":0.16049489,"Count":2,"Frequentcy":0.2},{"Mark":0.1623964,"Count":1,"Frequentcy":0.1}],"TaskId":10,"Duration":0.1623964}