{"AvgTotal":0.1057155,"Fastest":0.1057155,"Slowest":0.1057155,"Average":0.1057155,"Rps":9.37097340986295,"AvgConn":0.0488755,"AvgDNS":0.0009967,"AvgReq":0.0010116,"AvgRes":0,"AvgDelay":0.0558284,"ConnMax":0.0009967,"ConnMin":0.0009967,"DnsMax":0.0009967,"DnsMin":0.0009967,"ReqMin":0.0010116,"ReqMax":0.0010116,"ResMin":0.0010116,"ResMax":0,"DelayMax":0.0558284,"DelayMin":0.0558284,"Lats":[0.1057155],"ConnLats":[0.0009967],"DnsLats":[0.0009967],"ReqLats":[0.0010116],"ResLats":[0],"DelayLats":[0.0558284],"Total":106712500,"ErrorDist":{},"StatusCodeDist":{"200":1},"SizeTotal":0,"SizeReq":0,"NumRes":1,"LatencyDistribution":[{"Percentage":0,"Latency":0},{"Percentage":0,"Latency":0},{"Percentage":0,"Latency":0},{"Percentage":0,"Latency":0},{"Percentage":0,"Latency":0},{"Percentage":0,"Latency":0},{"Percentage":0,"Latency":0}],"Histogram":[{"Mark":0.1057155,"Count":1,"Frequentcy":1},{"Mark":0.1057155,"Count":0,"Frequentcy":0},{"Mark":0.1057155,"Count":0,"Frequentcy":0},{"Mark":0.1057155,"Count":0,"Frequentcy":0},{"Mark":0.1057155,"Count":0,"Frequentcy":0},{"Mark":0.1057155,"Count":0,"Frequentcy":0},{"Mark":0.1057155,"Count":0,"Frequentcy":0},{"Mark":0.1057155,"Count":0,"Frequentcy":0},{"Mark":0.1057155,"Count":0,"Frequentcy":0},{"Mark":0.1057155,"Count":0,"Frequentcy":0},{"Mark":0.1057155,"Count":0,"Frequentcy":0}],"TaskId":116,"Duration":0.1067125}