{"AvgTotal":0.1027401,"Fastest":0.1027401,"Slowest":0.1027401,"Average":0.1027401,"Rps":9.733297904128962,"AvgConn":0.0478698,"AvgDNS":0,"AvgReq":0,"AvgRes":0.0009507,"AvgDelay":0.0529204,"ConnMax":0,"ConnMin":0,"DnsMax":0,"DnsMin":0,"ReqMin":0,"ReqMax":0,"ResMin":0,"ResMax":0.0009507,"DelayMax":0.0529204,"DelayMin":0.0529204,"Lats":[0.1027401],"ConnLats":[0],"DnsLats":[0],"ReqLats":[0],"ResLats":[0.0009507],"DelayLats":[0.0529204],"Total":102740100,"ErrorDist":{},"StatusCodeDist":{"200":1},"SizeTotal":0,"SizeReq":0,"NumRes":1,"LatencyDistribution":[{"Percentage":0,"Latency":0},{"Percentage":0,"Latency":0},{"Percentage":0,"Latency":0},{"Percentage":0,"Latency":0},{"Percentage":0,"Latency":0},{"Percentage":0,"Latency":0},{"Percentage":0,"Latency":0}],"Histogram":[{"Mark":0.1027401,"Count":1,"Frequentcy":1},{"Mark":0.1027401,"Count":0,"Frequentcy":0},{"Mark":0.1027401,"Count":0,"Frequentcy":0},{"Mark":0.1027401,"Count":0,"Frequentcy":0},{"Mark":0.1027401,"Count":0,"Frequentcy":0},{"Mark":0.1027401,"Count":0,"Frequentcy":0},{"Mark":0.1027401,"Count":0,"Frequentcy":0},{"Mark":0.1027401,"Count":0,"Frequentcy":0},{"Mark":0.1027401,"Count":0,"Frequentcy":0},{"Mark":0.1027401,"Count":0,"Frequentcy":0},{"Mark":0.1027401,"Count":0,"Frequentcy":0}],"TaskId":117,"Duration":0.1027401}