{"AvgTotal":1.2282776,"Fastest":0.1153048,"Slowest":0.1303454,"Average":0.12282776,"Rps":76.71923980439662,"AvgConn":0.06197665,"AvgDNS":0.0010011999999999998,"AvgReq":0.00010005999999999999,"AvgRes":0,"AvgDelay":0.06065094,"ConnMax":0.0010011,"ConnMin":0.0010021,"DnsMax":0.0010011,"DnsMin":0.0010021,"ReqMin":0.0010006,"ReqMax":0,"ResMin":0.0010006,"ResMax":0,"DelayMax":0.0571526,"DelayMin":0.0651411,"Lats":[0.1153048,0.1153048,0.1153048,0.1183141,0.1183141,0.1273613,0.12834,0.1293429,0.1303454,0.1303454],"ConnLats":[0.0010011,0.0010011,0.0010011,0.0010021,0.0010011,0.0010011,0.0010011,0.0010011,0.0010011,0.0010011],"DnsLats":[0.0010011,0.0010011,0.0010011,0.0010021,0.0010011,0.0010011,0.0010011,0.0010011,0.0010011,0.0010011],"ReqLats":[0.0010006,0,0,0,0,0,0,0,0,0],"ResLats":[0,0,0,0,0,0,0,0,0,0],"DelayLats":[0.0571526,0.0571526,0.0571526,0.0581551,0.0581551,0.0631902,0.0631357,0.0641386,0.0651411,0.0631358],"Total":130345400,"ErrorDist":{},"StatusCodeDist":{"404":10},"SizeTotal":5640,"SizeReq":564,"NumRes":10,"LatencyDistribution":[{"Percentage":10,"Latency":0.1153048},{"Percentage":25,"Latency":0.1183141},{"Percentage":50,"Latency":0.1273613},{"Percentage":75,"Latency":0.1303454},{"Percentage":90,"Latency":0.1303454},{"Percentage":0,"Latency":0},{"Percentage":0,"Latency":0}],"Histogram":[{"Mark":0.1153048,"Count":3,"Frequentcy":0.3},{"Mark":0.11680886,"Count":0,"Frequentcy":0},{"Mark":0.11831292,"Count":0,"Frequentcy":0},{"Mark":0.11981698,"Count":2,"Frequentcy":0.2},{"Mark":0.12132104,"Count":0,"Frequentcy":0},{"Mark":0.12282509999999999,"Count":0,"Frequentcy":0},{"Mark":0.12432916,"Count":0,"Frequentcy":0},{"Mark":0.12583322,"Count":0,"Frequentcy":0},{"Mark":0.12733728,"Count":0,"Frequentcy":0},{"Mark":0.12884134,"Count":2,"Frequentcy":0.2},{"Mark":0.1303454,"Count":3,"Frequentcy":0.3}],"TaskId":12,"Duration":0.1303454}