{"AvgTotal":1.2173414,"Fastest":0.1153135,"Slowest":0.1333867,"Average":0.12173414,"Rps":74.96999326019761,"AvgConn":0.059867850000000014,"AvgDNS":0.00090288,"AvgReq":0,"AvgRes":0.00010051000000000001,"AvgDelay":0.06166545999999999,"ConnMax":0,"ConnMin":0.0010032,"DnsMax":0,"DnsMin":0.0010032,"ReqMin":0,"ReqMax":0,"ResMin":0,"ResMax":0,"DelayMax":0.0591594,"DelayMin":0.0692116,"Lats":[0.1153135,0.1173141,0.119318,0.119318,0.1203205,0.1213467,0.1213467,0.1233301,0.1263471,0.1333867],"ConnLats":[0.0010032,0.0010032,0.0010032,0.0010032,0.0010032,0.0010032,0.0010032,0.0010032,0.0010032,0],"DnsLats":[0.0010032,0.0010032,0.0010032,0.0010032,0.0010032,0.0010032,0.0010032,0.0010032,0.0010032,0],"ReqLats":[0,0,0,0,0,0,0,0,0,0],"ResLats":[0,0,0,0,0,0,0,0,0.0010051,0],"DelayLats":[0.0591594,0.0591594,0.06014,0.06014,0.0611425,0.0611815,0.0611815,0.0631649,0.0621738,0.0692116],"Total":133386700,"ErrorDist":{},"StatusCodeDist":{"404":10},"SizeTotal":5640,"SizeReq":564,"NumRes":10,"LatencyDistribution":[{"Percentage":10,"Latency":0.1173141},{"Percentage":25,"Latency":0.119318},{"Percentage":50,"Latency":0.1213467},{"Percentage":75,"Latency":0.1263471},{"Percentage":90,"Latency":0.1333867},{"Percentage":0,"Latency":0},{"Percentage":0,"Latency":0}],"Histogram":[{"Mark":0.1153135,"Count":1,"Frequentcy":0.1},{"Mark":0.11712082,"Count":0,"Frequentcy":0},{"Mark":0.11892814,"Count":1,"Frequentcy":0.1},{"Mark":0.12073546,"Count":3,"Frequentcy":0.3},{"Mark":0.12254278,"Count":2,"Frequentcy":0.2},{"Mark":0.12435009999999999,"Count":1,"Frequentcy":0.1},{"Mark":0.12615742,"Count":0,"Frequentcy":0},{"Mark":0.12796474,"Count":1,"Frequentcy":0.1},{"Mark":0.12977206,"Count":0,"Frequentcy":0},{"Mark":0.13157938,"Count":0,"Frequentcy":0},{"Mark":0.1333867,"Count":1,"Frequentcy":0.1}],"TaskId":15,"Duration":0.1333867}