{"AvgTotal":1.8850683,"Fastest":0.1493955,"Slowest":0.3860254,"Average":0.18850683,"Rps":25.905031119713883,"AvgConn":0.059966969999999994,"AvgDNS":0.0008013599999999998,"AvgReq":0,"AvgRes":0.00039991,"AvgDelay":0.11320039999999998,"ConnMax":0,"ConnMin":0.0010017,"DnsMax":0,"DnsMin":0.0010017,"ReqMin":0,"ReqMax":0,"ResMin":0,"ResMax":0,"DelayMax":0.0792258,"DelayMin":0.3208529,"Lats":[0.1493955,0.1524051,0.1524051,0.1564274,0.1634346,0.1654513,0.1654513,0.1654513,0.2286213,0.3860254],"ConnLats":[0,0,0.0010017,0.0010017,0.0010017,0.0010017,0.0010017,0.0010017,0.0010017,0.0010017],"DnsLats":[0,0,0.0010017,0.0010017,0.0010017,0.0010017,0.0010017,0.0010017,0.0010017,0.0010017],"ReqLats":[0,0,0,0,0,0,0,0,0,0],"ResLats":[0.0009828,0,0,0.002013,0,0,0,0.0010033,0,0],"DelayLats":[0.0862247,0.0892113,0.0892113,0.0892419,0.0942478,0.0952653,0.094261,0.094262,0.0792258,0.3208529],"Total":386025400,"ErrorDist":{},"StatusCodeDist":{"404":10},"SizeTotal":5640,"SizeReq":564,"NumRes":10,"LatencyDistribution":[{"Percentage":10,"Latency":0.1524051},{"Percentage":25,"Latency":0.1564274},{"Percentage":50,"Latency":0.1654513},{"Percentage":75,"Latency":0.2286213},{"Percentage":90,"Latency":0.3860254},{"Percentage":0,"Latency":0},{"Percentage":0,"Latency":0}],"Histogram":[{"Mark":0.1493955,"Count":1,"Frequentcy":0.1},{"Mark":0.17305848999999998,"Count":7,"Frequentcy":0.7},{"Mark":0.19672148,"Count":0,"Frequentcy":0},{"Mark":0.22038447,"Count":0,"Frequentcy":0},{"Mark":0.24404746,"Count":1,"Frequentcy":0.1},{"Mark":0.26771045,"Count":0,"Frequentcy":0},{"Mark":0.29137344,"Count":0,"Frequentcy":0},{"Mark":0.31503643000000003,"Count":0,"Frequentcy":0},{"Mark":0.33869942,"Count":0,"Frequentcy":0},{"Mark":0.36236241,"Count":0,"Frequentcy":0},{"Mark":0.3860254,"Count":1,"Frequentcy":0.1}],"TaskId":17,"Duration":0.3860254}