{"AvgTotal":31.753232800000006,"Fastest":0.0190519,"Slowest":3.383204,"Average":0.2352091318518519,"Rps":33.41651570446285,"AvgConn":0.0007503414814814814,"AvgDNS":0.00011171555555555556,"AvgReq":0.00003737185185185185,"AvgRes":0.20605074814814814,"AvgDelay":0.017038044444444435,"ConnMax":0,"ConnMin":0.0070363,"DnsMax":0,"DnsMin":0.0070363,"ReqMin":0.0010353,"ReqMax":0,"ResMin":0.0010353,"ResMax":0.0140311,"DelayMax":0.0030049,"DelayMin":0.4752644,"Lats":[0.1333243,0.1874719,0.2466254,0.2476425,0.2546468,0.293751,0.200533,0.1674423,0.3629348,0.1233289,0.0751998,0.441153,0.1112955,0.1002667,0.1915088,0.5755005,0.3288751,0.0481277,0.3018051,0.2787414,0.3799974,0.1664459,0.0972622,0.0952513,0.1864957,0.1082877,0.1804768,0.0270721,0.0571518,0.0461369,0.2907737,0.061148,0.3579516,0.2616937,0.0681814,0.1223254,0.0190519,0.0471245,0.147394,0.1503989,0.5264086,0.0691827,0.0862279,0.0712008,0.0391049,0.1022677,0.0380999,0.2847741,0.0581584,0.0822187,0.9013868,0.06016,0.1433727,0.1604172,0.1062827,0.5604909,0.1564171,0.1012667,0.1223199,0.4471931,0.3218595,0.0824666,0.0693862,0.0531415,0.1165128,1.6906728,0.1122666,0.2057949,0.9607656,0.2157855,0.2669172,0.1353649,0.152401,0.0331003,0.0952503,0.1042726,0.0461413,0.0751834,0.0420938,0.2145707,0.0391045,0.1945166,0.0350946,0.164437,0.1082884,0.0732051,0.0721818,0.3358921,0.4541981,0.203542,0.1905064,0.1092898,0.1002736,0.0922468,0.0390987,0.1183143,0.1333731,0.685784,0.1012685,0.0812158,0.3038323,0.2476822,0.0842236,0.0801926,0.5364265,0.1614306,0.12734,0.0451268,0.0641685,0.0621647,0.2596701,0.0661752,0.1243296,0.1453872,0.0942507,0.1303467,0.0541444,0.0641707,0.9816103,0.0691842,1.3538041,0.216576,0.0892379,0.4401702,0.1945173,0.421112,0.1544107,0.1293435,0.1514026,0.1584206,0.1012703,0.2326205,0.6707745,0.3709868,3.383204],"ConnLats":[0.0010145,0.0070363,0,0,0.0010036,0.0009985,0.0020082,0,0,0,0,0.0010039,0,0,0,0.0010054,0,0,0,0,0,0,0,0,0,0,0,0,0,0,0,0,0,0,0,0,0,0,0,0,0,0,0,0,0,0,0,0,0,0,0,0,0,0,0,0,0,0,0,0,0,0,0,0,0,0.0010112,0,0,0,0,0,0,0,0,0,0,0,0,0,0,0,0,0,0,0,0,0,0,0,0,0,0,0,0,0,0,0,0,0,0,0,0,0,0,0,0,0,0,0,0,0,0,0,0,0,0,0,0,0,0,0,0,0,0,0,0,0,0,0,0,0,0,0,0,0],"DnsLats":[0.0010145,0.0070363,0,0,0.0010036,0.0009985,0.0020082,0,0,0,0,0.0010039,0,0,0,0.0010054,0,0,0,0,0,0,0,0,0,0,0,0,0,0,0,0,0,0,0,0,0,0,0,0,0,0,0,0,0,0,0,0,0,0,0,0,0,0,0,0,0,0,0,0,0,0,0,0,0,0.0010112,0,0,0,0,0,0,0,0,0,0,0,0,0,0,0,0,0,0,0,0,0,0,0,0,0,0,0,0,0,0,0,0,0,0,0,0,0,0,0,0,0,0,0,0,0,0,0,0,0,0,0,0,0,0,0,0,0,0,0,0,0,0,0,0,0,0,0,0,0],"ReqLats":[0,0,0,0,0.0010149,0,0,0,0,0,0,0,0,0,0,0,0,0,0,0,0,0,0,0,0,0,0,0,0,0,0,0,0,0,0,0,0,0,0,0.0010353,0,0,0,0,0,0,0,0,0,0,0,0,0,0,0,0,0,0,0,0,0,0,0,0,0,0,0,0,0,0,0,0,0,0,0,0,0,0,0,0,0,0.001005,0,0,0,0,0,0,0,0,0,0,0,0,0.0010014,0,0,0,0,0,0,0,0,0,0,0,0,0,0,0,0,0,0,0,0,0,0,0,0,0,0,0,0,0,0,0,0,0,0,0,0.0009886,0,0,0,0],"ResLats":[0.0691835,0.1253368,0.1313269,0.132344,0.1834857,0.1884832,0.1594239,0.1343577,0.2005301,0.1012699,0.0571514,0.3148439,0.0992642,0.0882332,0.1804793,0.4371634,0.3138349,0.0360753,0.2837571,0.2616872,0.0671792,0.1544128,0.0741959,0.0691842,0.1714558,0.0992606,0.1594235,0.0190377,0.0401066,0.0290917,0.2667068,0.0380966,0.3308776,0.2466543,0.0561344,0.1143037,0.0140311,0.0421124,0.132352,0.1243311,0.5063538,0.0601589,0.0741901,0.0641809,0.0320861,0.0872366,0.0280732,0.2727414,0.0501465,0.0651707,0.8783355,0.0501334,0.1193208,0.1494044,0.096255,0.5534728,0.1473926,0.0742021,0.1122972,0.4161033,0.3058198,0.0694321,0.0593643,0.0370963,0.083223,1.2725914999999999,0.0992718,0.1897526,0.9477297,0.2067576,0.2558881,0.1253222,0.1393639,0.0250807,0.0772045,0.0942416,0.0341078,0.052139,0.0310814,0.2055056,0.0280747,0.1764591,0.0300811,0.1544115,0.0972577,0.0671785,0.0651586,0.3027996,0.4331514,0.1935149,0.179471,0.1002674,0.0922515,0.082218,0.0270725,0.1092909,0.1062999,0.1905075,0.093249,0.0701866,0.2877885,0.2386555,0.0701856,0.054147,0.5274023,0.1423798,0.1173122,0.0180557,0.0561381,0.0561472,0.2516692,0.0511354,0.1122972,0.1353606,0.0822183,0.1143037,0.0431152,0.0581543,0.9705815,0.0601593,1.3437735,0.2105563,0.0711852,0.4181111,0.1834685,0.4130984,0.144384,0.1173101,0.1343574,0.1504,0.0922457,0.2125664,0.6597683,0.3599562,3.3641535],"DelayLats":[0.0059937,0.003988,0.0280951,0.0280951,0.0049905,0.0220714,0.0260646,0.0310822,0.0290804,0.0160427,0.0120324,0.026073,0.0090235,0.0090151,0.010027,0.0230386,0.012032,0.008041,0.0170445,0.0150482,0.3018029,0.0110303,0.0110179,0.011027,0.0110285,0.0080246,0.0130356,0.0060262,0.0070185,0.0090242,0.0110325,0.0080265,0.0180501,0.0100299,0.0090275,0.0040088,0.0040169,0.0050121,0.0049939,0.0059828,0.0110277,0.0070181,0.0050168,0.0070199,0.0050135,0.0090235,0.007012,0.0100241,0.0060164,0.0049989,0.0130341,0.0080209,0.0090253,0.0070193,0.0080224,0.0050114,0.0080213,0.0210559,0.0060178,0.0080286,0.0090245,0.0080221,0.0070149,0.0070141,0.0160517,0.3168424,0.0070203,0.0070177,0.011024,0.0070211,0.0080202,0.0070305,0.0090286,0.0080196,0.008022,0.00903,0.0080217,0.0090242,0.0060164,0.0070597,0.0050131,0.0070273,0.0030049,0.0080155,0.0070087,0.0050248,0.0050284,0.010031,0.0080187,0.0070185,0.0060226,0.0050125,0.0060051,0.0080239,0.0050124,0.0080209,0.0070206,0.4752644,0.0060116,0.0090235,0.006016,0.007021,0.0060178,0.007017,0.0070171,0.0090238,0.0080221,0.0060156,0.0070287,0.0060175,0.0050121,0.0050146,0.0040096,0.0090227,0.0050117,0.0060156,0.0070178,0.0040103,0.0070163,0.0059978,0.0090311,0.0060197,0.0090263,0.0100252,0.0090428,0.0050095,0.008021,0.0090256,0.0080202,0.0050128,0.0060135,0.0140377,0.0070123,0.0110306,0.0090249],"Total":4039918500,"ErrorDist":{},"StatusCodeDist":{"200":135},"SizeTotal":34651457,"SizeReq":256677,"NumRes":135,"LatencyDistribution":[{"Percentage":10,"Latency":0.0531415},{"Percentage":25,"Latency":0.0812158},{"Percentage":50,"Latency":0.1333731},{"Percentage":75,"Latency":0.2596701},{"Percentage":90,"Latency":0.4541981},{"Percentage":95,"Latency":0.9013868},{"Percentage":99,"Latency":3.383204}],"Histogram":[{"Mark":0.0190519,"Count":1,"Frequentcy":0.007407407407407408},{"Mark":0.35546711000000003,"Count":113,"Frequentcy":0.837037037037037},{"Mark":0.69188232,"Count":15,"Frequentcy":0.1111111111111111},{"Mark":1.0282975300000001,"Count":3,"Frequentcy":0.022222222222222223},{"Mark":1.36471274,"Count":1,"Frequentcy":0.007407407407407408},{"Mark":1.70112795,"Count":1,"Frequentcy":0.007407407407407408},{"Mark":2.0375431600000002,"Count":0,"Frequentcy":0},{"Mark":2.37395837,"Count":0,"Frequentcy":0},{"Mark":2.71037358,"Count":0,"Frequentcy":0},{"Mark":3.0467887900000004,"Count":0,"Frequentcy":0},{"Mark":3.383204,"Count":1,"Frequentcy":0.007407407407407408}],"TaskId":29,"Duration":4.0399185}