{"AvgTotal":3.0169131999999985,"Fastest":0.0110299,"Slowest":0.0822187,"Average":0.03175698105263156,"Rps":31.322297839378002,"AvgConn":0.0000739021052631579,"AvgDNS":0.00004257473684210526,"AvgReq":0.00006157894736842106,"AvgRes":0.022784708421052628,"AvgDelay":0.004435440000000001,"ConnMax":0,"ConnMin":0.0040446,"DnsMax":0,"DnsMin":0.0040446,"ReqMin":0.0010029,"ReqMax":0,"ResMin":0.0010029,"ResMax":0.0050168,"DelayMax":0.0020053,"DelayMin":0.0281331,"Lats":[0.0661513,0.0230797,0.0624855,0.0186315,0.0160387,0.0210562,0.0272056,0.0600247,0.0340911,0.020061,0.054137,0.0110325,0.0160441,0.0251653,0.0460235,0.0380973,0.0421226,0.0220485,0.0370985,0.0360989,0.0431105,0.0421117,0.0160437,0.0300829,0.0140348,0.0310814,0.018048,0.0280754,0.0190505,0.0260686,0.0822187,0.0471274,0.0581528,0.0441192,0.0180498,0.0150365,0.0270719,0.0782083,0.0180477,0.0110313,0.0350906,0.0260694,0.048128,0.0350939,0.0190971,0.0250209,0.0340896,0.0401107,0.0431112,0.0110299,0.0270714,0.0381025,0.0170823,0.0200165,0.013036,0.0300774,0.0591572,0.0441166,0.0210595,0.0220561,0.0310818,0.0451209,0.018048,0.0340903,0.0290779,0.0230615,0.0170473,0.0601575,0.0581547,0.0140369,0.0210566,0.0240644,0.0401063,0.020054,0.052138,0.0200533,0.0200537,0.0170452,0.0310828,0.0250662,0.0130352,0.0300818,0.0120305,0.0551491,0.0210529,0.0210558,0.0451198,0.0210573,0.0370978,0.0240629,0.0200533,0.0451209,0.0280871,0.0521263,0.0391038],"ConnLats":[0.0040446,0,0,0,0,0,0,0,0,0,0,0,0,0,0,0,0,0,0,0,0,0,0,0,0,0,0,0,0,0,0,0,0,0,0,0,0,0,0,0,0,0,0,0,0,0,0,0,0,0,0,0,0,0,0,0,0,0,0,0,0,0,0,0,0,0,0,0,0,0,0,0,0,0,0,0,0,0,0,0,0,0,0,0,0,0,0,0,0,0,0,0,0,0,0],"DnsLats":[0.0040446,0,0,0,0,0,0,0,0,0,0,0,0,0,0,0,0,0,0,0,0,0,0,0,0,0,0,0,0,0,0,0,0,0,0,0,0,0,0,0,0,0,0,0,0,0,0,0,0,0,0,0,0,0,0,0,0,0,0,0,0,0,0,0,0,0,0,0,0,0,0,0,0,0,0,0,0,0,0,0,0,0,0,0,0,0,0,0,0,0,0,0,0,0,0],"ReqLats":[0,0,0,0,0,0,0,0.0008694,0,0,0,0,0,0,0,0,0,0,0,0,0,0.0009824,0,0,0,0,0,0,0,0,0.0009992,0,0,0,0.0009966,0,0,0,0,0,0,0,0,0,0,0,0,0,0,0,0,0,0,0,0,0,0,0,0,0,0,0,0,0,0,0,0,0,0,0,0,0,0,0,0,0,0,0,0,0,0,0,0,0,0,0,0.0009995,0,0,0,0,0.0010029,0,0,0],"ResLats":[0.0330882,0.0160627,0.0364329,0.0136216,0.012032,0.0120291,0.0141569,0.0541429,0.0300757,0.0139867,0.0461226,0.0050168,0.012013,0.0201562,0.0270762,0.0310817,0.0310307,0.0160427,0.0330868,0.0280769,0.0370985,0.0370993,0.0120298,0.0260693,0.0060171,0.0160423,0.0140373,0.0160277,0.0150405,0.0210518,0.0470664,0.0401034,0.0511329,0.0381025,0.0130374,0.0110251,0.0170459,0.0581532,0.0090246,0.0060171,0.0220579,0.0150373,0.0370898,0.0290779,0.0060619,0.0160437,0.0270667,0.0310854,0.0340914,0.0060127,0.0150398,0.0140202,0.0130618,0.0140366,0.0060178,0.0220043,0.0330845,0.0390947,0.0150391,0.0140366,0.0270675,0.0401052,0.0140337,0.0310785,0.0170441,0.016043,0.0120334,0.0431141,0.0521351,0.0080176,0.016043,0.0070156,0.0250632,0.0140369,0.040071,0.015038,0.010027,0.0130316,0.0150285,0.0200348,0.0060127,0.0150424,0.0070192,0.0371021,0.0160204,0.0170404,0.0290764,0.0150391,0.0270711,0.0150325,0.0160383,0.0411058,0.0230732,0.0441071,0.0340903],"DelayLats":[0.0090235,0.0040096,0.0050157,0.0030078,0.0030086,0.0090271,0.0040191,0.0050124,0.0030122,0.0040675,0.0040107,0.00401,0.0040311,0.004003,0.0059573,0.0040114,0.0050682,0.0040066,0.0040117,0.0029728,0.0030071,0.0030067,0.0030096,0.0030118,0.0040088,0.0029487,0.0030064,0.0040238,0.0030082,0.0030118,0.0281331,0.0050146,0.0040129,0.0050135,0.0020061,0.0040114,0.008017,0.0040121,0.0040095,0.0030089,0.0040081,0.0040129,0.0040198,0.0040074,0.0040118,0.0040009,0.0040158,0.0050132,0.005011,0.0030093,0.0080199,0.0050157,0.0040205,0.0040103,0.0030086,0.0030611,0.0040151,0.0030166,0.0040143,0.0040103,0.0030118,0.0030086,0.00301,0.0030118,0.0100274,0.0030042,0.0030086,0.0050117,0.0030103,0.0040136,0.00401,0.0030115,0.0040118,0.0040107,0.0040438,0.0040103,0.0040048,0.0030115,0.0160543,0.0040263,0.0030097,0.0040103,0.0020053,0.0040049,0.0030301,0.0040154,0.0060109,0.0040114,0.0050099,0.0040143,0.0030114,0.0030122,0.0040095,0.004018,0.0040096],"Total":3032983100,"ErrorDist":{},"StatusCodeDist":{"200":95},"SizeTotal":24052191,"SizeReq":253180,"NumRes":95,"LatencyDistribution":[{"Percentage":10,"Latency":0.0160437},{"Percentage":25,"Latency":0.0200533},{"Percentage":50,"Latency":0.0280754},{"Percentage":75,"Latency":0.0431105},{"Percentage":90,"Latency":0.0581528},{"Percentage":95,"Latency":0.0624855},{"Percentage":0,"Latency":0}],"Histogram":[{"Mark":0.0110299,"Count":1,"Frequentcy":0.010526315789473684},{"Mark":0.018148780000000003,"Count":18,"Frequentcy":0.18947368421052632},{"Mark":0.025267660000000004,"Count":24,"Frequentcy":0.25263157894736843},{"Mark":0.032386540000000005,"Count":14,"Frequentcy":0.14736842105263157},{"Mark":0.039505420000000006,"Count":11,"Frequentcy":0.11578947368421053},{"Mark":0.04662430000000001,"Count":12,"Frequentcy":0.12631578947368421},{"Mark":0.05374318000000001,"Count":4,"Frequentcy":0.042105263157894736},{"Mark":0.06086206000000001,"Count":7,"Frequentcy":0.07368421052631578},{"Mark":0.06798094,"Count":2,"Frequentcy":0.021052631578947368},{"Mark":0.07509982,"Count":0,"Frequentcy":0},{"Mark":0.0822187,"Count":2,"Frequentcy":0.021052631578947368}],"TaskId":30,"Duration":3.0329831}