{"AvgTotal":0.0671694,"Fastest":0.0671694,"Slowest":0.0671694,"Average":0.0671694,"Rps":14.666928715793057,"AvgConn":0.0090275,"AvgDNS":0.0050314,"AvgReq":0.0010017,"AvgRes":0.033086,"AvgDelay":0.0050073,"ConnMax":0.0050314,"ConnMin":0.0050314,"DnsMax":0.0050314,"DnsMin":0.0050314,"ReqMin":0.0010017,"ReqMax":0.0010017,"ResMin":0.0010017,"ResMax":0.033086,"DelayMax":0.0050073,"DelayMin":0.0050073,"Lats":[0.0671694],"ConnLats":[0.0050314],"DnsLats":[0.0050314],"ReqLats":[0.0010017],"ResLats":[0.033086],"DelayLats":[0.0050073],"Total":68180600,"ErrorDist":{},"StatusCodeDist":{"200":1},"SizeTotal":307488,"SizeReq":307488,"NumRes":1,"LatencyDistribution":[{"Percentage":0,"Latency":0},{"Percentage":0,"Latency":0},{"Percentage":0,"Latency":0},{"Percentage":0,"Latency":0},{"Percentage":0,"Latency":0},{"Percentage":0,"Latency":0},{"Percentage":0,"Latency":0}],"Histogram":[{"Mark":0.0671694,"Count":1,"Frequentcy":1},{"Mark":0.0671694,"Count":0,"Frequentcy":0},{"Mark":0.0671694,"Count":0,"Frequentcy":0},{"Mark":0.0671694,"Count":0,"Frequentcy":0},{"Mark":0.0671694,"Count":0,"Frequentcy":0},{"Mark":0.0671694,"Count":0,"Frequentcy":0},{"Mark":0.0671694,"Count":0,"Frequentcy":0},{"Mark":0.0671694,"Count":0,"Frequentcy":0},{"Mark":0.0671694,"Count":0,"Frequentcy":0},{"Mark":0.0671694,"Count":0,"Frequentcy":0},{"Mark":0.0671694,"Count":0,"Frequentcy":0}],"TaskId":33,"Duration":0.0681806}