{"AvgTotal":0.1734499,"Fastest":0.1734499,"Slowest":0.1734499,"Average":0.1734499,"Rps":5.765353568955647,"AvgConn":0.0461198,"AvgDNS":0.010022,"AvgReq":0,"AvgRes":0.0009978,"AvgDelay":0.120328,"ConnMax":0.010022,"ConnMin":0.010022,"DnsMax":0.010022,"DnsMin":0.010022,"ReqMin":0,"ReqMax":0,"ResMin":0,"ResMax":0.0009978,"DelayMax":0.120328,"DelayMin":0.120328,"Lats":[0.1734499],"ConnLats":[0.010022],"DnsLats":[0.010022],"ReqLats":[0],"ResLats":[0.0009978],"DelayLats":[0.120328],"Total":173449900,"ErrorDist":{},"StatusCodeDist":{"405":1},"SizeTotal":340,"SizeReq":340,"NumRes":1,"LatencyDistribution":[{"Percentage":0,"Latency":0},{"Percentage":0,"Latency":0},{"Percentage":0,"Latency":0},{"Percentage":0,"Latency":0},{"Percentage":0,"Latency":0},{"Percentage":0,"Latency":0},{"Percentage":0,"Latency":0}],"Histogram":[{"Mark":0.1734499,"Count":1,"Frequentcy":1},{"Mark":0.1734499,"Count":0,"Frequentcy":0},{"Mark":0.1734499,"Count":0,"Frequentcy":0},{"Mark":0.1734499,"Count":0,"Frequentcy":0},{"Mark":0.1734499,"Count":0,"Frequentcy":0},{"Mark":0.1734499,"Count":0,"Frequentcy":0},{"Mark":0.1734499,"Count":0,"Frequentcy":0},{"Mark":0.1734499,"Count":0,"Frequentcy":0},{"Mark":0.1734499,"Count":0,"Frequentcy":0},{"Mark":0.1734499,"Count":0,"Frequentcy":0},{"Mark":0.1734499,"Count":0,"Frequentcy":0}],"TaskId":35,"Duration":0.1734499}