{"AvgTotal":0.3338857,"Fastest":0.3338857,"Slowest":0.3338857,"Average":0.3338857,"Rps":2.9950369243127213,"AvgConn":0.001008,"AvgDNS":0,"AvgReq":0,"AvgRes":0,"AvgDelay":0.3328777,"ConnMax":0,"ConnMin":0,"DnsMax":0,"DnsMin":0,"ReqMin":0,"ReqMax":0,"ResMin":0,"ResMax":0,"DelayMax":0.3328777,"DelayMin":0.3328777,"Lats":[0.3338857],"ConnLats":[0],"DnsLats":[0],"ReqLats":[0],"ResLats":[0],"DelayLats":[0.3328777],"Total":333885700,"ErrorDist":{},"StatusCodeDist":{"200":1},"SizeTotal":2,"SizeReq":2,"NumRes":1,"LatencyDistribution":[{"Percentage":0,"Latency":0},{"Percentage":0,"Latency":0},{"Percentage":0,"Latency":0},{"Percentage":0,"Latency":0},{"Percentage":0,"Latency":0},{"Percentage":0,"Latency":0},{"Percentage":0,"Latency":0}],"Histogram":[{"Mark":0.3338857,"Count":1,"Frequentcy":1},{"Mark":0.3338857,"Count":0,"Frequentcy":0},{"Mark":0.3338857,"Count":0,"Frequentcy":0},{"Mark":0.3338857,"Count":0,"Frequentcy":0},{"Mark":0.3338857,"Count":0,"Frequentcy":0},{"Mark":0.3338857,"Count":0,"Frequentcy":0},{"Mark":0.3338857,"Count":0,"Frequentcy":0},{"Mark":0.3338857,"Count":0,"Frequentcy":0},{"Mark":0.3338857,"Count":0,"Frequentcy":0},{"Mark":0.3338857,"Count":0,"Frequentcy":0},{"Mark":0.3338857,"Count":0,"Frequentcy":0}],"TaskId":36,"Duration":0.3338857}