{"AvgTotal":0.0140359,"Fastest":0.0140359,"Slowest":0.0140359,"Average":0.0140359,"Rps":66.4933406919297,"AvgConn":0.0040191,"AvgDNS":0.0030111,"AvgReq":0.0010109,"AvgRes":0,"AvgDelay":0.0039946,"ConnMax":0.0030111,"ConnMin":0.0030111,"DnsMax":0.0030111,"DnsMin":0.0030111,"ReqMin":0.0010109,"ReqMax":0.0010109,"ResMin":0.0010109,"ResMax":0,"DelayMax":0.0039946,"DelayMin":0.0039946,"Lats":[0.0140359],"ConnLats":[0.0030111],"DnsLats":[0.0030111],"ReqLats":[0.0010109],"ResLats":[0],"DelayLats":[0.0039946],"Total":15039100,"ErrorDist":{},"StatusCodeDist":{"200":1},"SizeTotal":2,"SizeReq":2,"NumRes":1,"LatencyDistribution":[{"Percentage":0,"Latency":0},{"Percentage":0,"Latency":0},{"Percentage":0,"Latency":0},{"Percentage":0,"Latency":0},{"Percentage":0,"Latency":0},{"Percentage":0,"Latency":0},{"Percentage":0,"Latency":0}],"Histogram":[{"Mark":0.0140359,"Count":1,"Frequentcy":1},{"Mark":0.0140359,"Count":0,"Frequentcy":0},{"Mark":0.0140359,"Count":0,"Frequentcy":0},{"Mark":0.0140359,"Count":0,"Frequentcy":0},{"Mark":0.0140359,"Count":0,"Frequentcy":0},{"Mark":0.0140359,"Count":0,"Frequentcy":0},{"Mark":0.0140359,"Count":0,"Frequentcy":0},{"Mark":0.0140359,"Count":0,"Frequentcy":0},{"Mark":0.0140359,"Count":0,"Frequentcy":0},{"Mark":0.0140359,"Count":0,"Frequentcy":0},{"Mark":0.0140359,"Count":0,"Frequentcy":0}],"TaskId":37,"Duration":0.0150391}