{"AvgTotal":0.0130341,"Fastest":0.0130341,"Slowest":0.0130341,"Average":0.0130341,"Rps":76.72182966219378,"AvgConn":0.0050128,"AvgDNS":0.0040096,"AvgReq":0,"AvgRes":0,"AvgDelay":0.0030078,"ConnMax":0.0040096,"ConnMin":0.0040096,"DnsMax":0.0040096,"DnsMin":0.0040096,"ReqMin":0,"ReqMax":0,"ResMin":0,"ResMax":0,"DelayMax":0.0030078,"DelayMin":0.0030078,"Lats":[0.0130341],"ConnLats":[0.0040096],"DnsLats":[0.0040096],"ReqLats":[0],"ResLats":[0],"DelayLats":[0.0030078],"Total":13034100,"ErrorDist":{},"StatusCodeDist":{"200":1},"SizeTotal":2,"SizeReq":2,"NumRes":1,"LatencyDistribution":[{"Percentage":0,"Latency":0},{"Percentage":0,"Latency":0},{"Percentage":0,"Latency":0},{"Percentage":0,"Latency":0},{"Percentage":0,"Latency":0},{"Percentage":0,"Latency":0},{"Percentage":0,"Latency":0}],"Histogram":[{"Mark":0.0130341,"Count":1,"Frequentcy":1},{"Mark":0.0130341,"Count":0,"Frequentcy":0},{"Mark":0.0130341,"Count":0,"Frequentcy":0},{"Mark":0.0130341,"Count":0,"Frequentcy":0},{"Mark":0.0130341,"Count":0,"Frequentcy":0},{"Mark":0.0130341,"Count":0,"Frequentcy":0},{"Mark":0.0130341,"Count":0,"Frequentcy":0},{"Mark":0.0130341,"Count":0,"Frequentcy":0},{"Mark":0.0130341,"Count":0,"Frequentcy":0},{"Mark":0.0130341,"Count":0,"Frequentcy":0},{"Mark":0.0130341,"Count":0,"Frequentcy":0}],"TaskId":38,"Duration":0.0130341}