{"AvgTotal":26.0534649,"Fastest":0.8191803,"Slowest":5.4946202,"Average":2.60534649,"Rps":1.8199620057451833,"AvgConn":0.30290831000000007,"AvgDNS":0.30862081999999996,"AvgReq":0.00010003,"AvgRes":1.86476184,"AvgDelay":0.27333651999999997,"ConnMax":0.3078177,"ConnMin":0.3088216,"DnsMax":0.3078177,"DnsMin":0.3088216,"ReqMin":0.0010003,"ReqMax":0,"ResMin":0.0010003,"ResMax":0.2736942,"DelayMax":0.064147,"DelayMin":0.5053612,"Lats":[0.8191803,0.8232176,0.900398,1.5691789,1.6664368,1.7336751000000001,3.7048613,4.6563948,4.6855019,5.4946202],"ConnLats":[0.3078177,0.3088216,0.3088216,0.3088216,0.3088216,0.3088216,0.3088216,0.3088216,0.3088216,0.3078177],"DnsLats":[0.3078177,0.3088216,0.3088216,0.3088216,0.3088216,0.3088216,0.3088216,0.3088216,0.3088216,0.3078177],"ReqLats":[0,0,0,0,0,0,0,0.0010003,0,0],"ResLats":[0.279743,0.2736942,0.3238607,0.6818143,1.1911669,0.8242551,2.8235163,3.8381914,3.8011291,4.6102474],"DelayLats":[0.1624307,0.1695115,0.1975257,0.064147,0.0982633,0.0902397,0.5023334,0.4381915,0.5053612,0.5053612],"Total":5494620200,"ErrorDist":{},"StatusCodeDist":{"200":10},"SizeTotal":1416809,"SizeReq":141680,"NumRes":10,"LatencyDistribution":[{"Percentage":10,"Latency":0.8232176},{"Percentage":25,"Latency":1.5691789},{"Percentage":50,"Latency":1.7336751000000001},{"Percentage":75,"Latency":4.6855019},{"Percentage":90,"Latency":5.4946202},{"Percentage":0,"Latency":0},{"Percentage":0,"Latency":0}],"Histogram":[{"Mark":0.8191803,"Count":1,"Frequentcy":0.1},{"Mark":1.28672429,"Count":2,"Frequentcy":0.2},{"Mark":1.7542682799999998,"Count":3,"Frequentcy":0.3},{"Mark":2.22181227,"Count":0,"Frequentcy":0},{"Mark":2.68935626,"Count":0,"Frequentcy":0},{"Mark":3.1569002499999996,"Count":0,"Frequentcy":0},{"Mark":3.62444424,"Count":0,"Frequentcy":0},{"Mark":4.09198823,"Count":1,"Frequentcy":0.1},{"Mark":4.5595322199999995,"Count":0,"Frequentcy":0},{"Mark":5.02707621,"Count":2,"Frequentcy":0.2},{"Mark":5.4946202,"Count":1,"Frequentcy":0.1}],"TaskId":4,"Duration":5.4946202}