{"AvgTotal":0.016043,"Fastest":0.016043,"Slowest":0.016043,"Average":0.016043,"Rps":62.33248145608676,"AvgConn":0.0090256,"AvgDNS":0.0080261,"AvgReq":0,"AvgRes":0,"AvgDelay":0.002005,"ConnMax":0.0080261,"ConnMin":0.0080261,"DnsMax":0.0080261,"DnsMin":0.0080261,"ReqMin":0,"ReqMax":0,"ResMin":0,"ResMax":0,"DelayMax":0.002005,"DelayMin":0.002005,"Lats":[0.016043],"ConnLats":[0.0080261],"DnsLats":[0.0080261],"ReqLats":[0],"ResLats":[0],"DelayLats":[0.002005],"Total":16043000,"ErrorDist":{},"StatusCodeDist":{"200":1},"SizeTotal":2,"SizeReq":2,"NumRes":1,"LatencyDistribution":[{"Percentage":0,"Latency":0},{"Percentage":0,"Latency":0},{"Percentage":0,"Latency":0},{"Percentage":0,"Latency":0},{"Percentage":0,"Latency":0},{"Percentage":0,"Latency":0},{"Percentage":0,"Latency":0}],"Histogram":[{"Mark":0.016043,"Count":1,"Frequentcy":1},{"Mark":0.016043,"Count":0,"Frequentcy":0},{"Mark":0.016043,"Count":0,"Frequentcy":0},{"Mark":0.016043,"Count":0,"Frequentcy":0},{"Mark":0.016043,"Count":0,"Frequentcy":0},{"Mark":0.016043,"Count":0,"Frequentcy":0},{"Mark":0.016043,"Count":0,"Frequentcy":0},{"Mark":0.016043,"Count":0,"Frequentcy":0},{"Mark":0.016043,"Count":0,"Frequentcy":0},{"Mark":0.016043,"Count":0,"Frequentcy":0},{"Mark":0.016043,"Count":0,"Frequentcy":0}],"TaskId":40,"Duration":0.016043}