{"AvgTotal":0.1012692,"Fastest":0.1012692,"Slowest":0.1012692,"Average":0.1012692,"Rps":9.87467067973283,"AvgConn":0.0040099,"AvgDNS":0.0040099,"AvgReq":0.0010025,"AvgRes":0,"AvgDelay":0.0882354,"ConnMax":0.0040099,"ConnMin":0.0040099,"DnsMax":0.0040099,"DnsMin":0.0040099,"ReqMin":0.0010025,"ReqMax":0.0010025,"ResMin":0.0010025,"ResMax":0,"DelayMax":0.0882354,"DelayMin":0.0882354,"Lats":[0.1012692],"ConnLats":[0.0040099],"DnsLats":[0.0040099],"ReqLats":[0.0010025],"ResLats":[0],"DelayLats":[0.0882354],"Total":101269200,"ErrorDist":{},"StatusCodeDist":{"200":1},"SizeTotal":28,"SizeReq":28,"NumRes":1,"LatencyDistribution":[{"Percentage":0,"Latency":0},{"Percentage":0,"Latency":0},{"Percentage":0,"Latency":0},{"Percentage":0,"Latency":0},{"Percentage":0,"Latency":0},{"Percentage":0,"Latency":0},{"Percentage":0,"Latency":0}],"Histogram":[{"Mark":0.1012692,"Count":1,"Frequentcy":1},{"Mark":0.1012692,"Count":0,"Frequentcy":0},{"Mark":0.1012692,"Count":0,"Frequentcy":0},{"Mark":0.1012692,"Count":0,"Frequentcy":0},{"Mark":0.1012692,"Count":0,"Frequentcy":0},{"Mark":0.1012692,"Count":0,"Frequentcy":0},{"Mark":0.1012692,"Count":0,"Frequentcy":0},{"Mark":0.1012692,"Count":0,"Frequentcy":0},{"Mark":0.1012692,"Count":0,"Frequentcy":0},{"Mark":0.1012692,"Count":0,"Frequentcy":0},{"Mark":0.1012692,"Count":0,"Frequentcy":0}],"TaskId":41,"Duration":0.1012692}