{"AvgTotal":0.0471237,"Fastest":0.0471237,"Slowest":0.0471237,"Average":0.0471237,"Rps":21.220744551043317,"AvgConn":0.0070071,"AvgDNS":0.0070071,"AvgReq":0,"AvgRes":0.0010013,"AvgDelay":0.0381007,"ConnMax":0.0070071,"ConnMin":0.0070071,"DnsMax":0.0070071,"DnsMin":0.0070071,"ReqMin":0,"ReqMax":0,"ResMin":0,"ResMax":0.0010013,"DelayMax":0.0381007,"DelayMin":0.0381007,"Lats":[0.0471237],"ConnLats":[0.0070071],"DnsLats":[0.0070071],"ReqLats":[0],"ResLats":[0.0010013],"DelayLats":[0.0381007],"Total":47123700,"ErrorDist":{},"StatusCodeDist":{"200":1},"SizeTotal":45,"SizeReq":45,"NumRes":1,"LatencyDistribution":[{"Percentage":0,"Latency":0},{"Percentage":0,"Latency":0},{"Percentage":0,"Latency":0},{"Percentage":0,"Latency":0},{"Percentage":0,"Latency":0},{"Percentage":0,"Latency":0},{"Percentage":0,"Latency":0}],"Histogram":[{"Mark":0.0471237,"Count":1,"Frequentcy":1},{"Mark":0.0471237,"Count":0,"Frequentcy":0},{"Mark":0.0471237,"Count":0,"Frequentcy":0},{"Mark":0.0471237,"Count":0,"Frequentcy":0},{"Mark":0.0471237,"Count":0,"Frequentcy":0},{"Mark":0.0471237,"Count":0,"Frequentcy":0},{"Mark":0.0471237,"Count":0,"Frequentcy":0},{"Mark":0.0471237,"Count":0,"Frequentcy":0},{"Mark":0.0471237,"Count":0,"Frequentcy":0},{"Mark":0.0471237,"Count":0,"Frequentcy":0},{"Mark":0.0471237,"Count":0,"Frequentcy":0}],"TaskId":43,"Duration":0.0471237}