{"AvgTotal":0.0079524,"Fastest":0.0079524,"Slowest":0.0079524,"Average":0.0079524,"Rps":111.3895850737956,"AvgConn":0.0029914,"AvgDNS":0.0029914,"AvgReq":0,"AvgRes":0,"AvgDelay":0.0039906,"ConnMax":0.0029914,"ConnMin":0.0029914,"DnsMax":0.0029914,"DnsMin":0.0029914,"ReqMin":0,"ReqMax":0,"ResMin":0,"ResMax":0,"DelayMax":0.0039906,"DelayMin":0.0039906,"Lats":[0.0079524],"ConnLats":[0.0029914],"DnsLats":[0.0029914],"ReqLats":[0],"ResLats":[0],"DelayLats":[0.0039906],"Total":8977500,"ErrorDist":{},"StatusCodeDist":{"200":1},"SizeTotal":62,"SizeReq":62,"NumRes":1,"LatencyDistribution":[{"Percentage":0,"Latency":0},{"Percentage":0,"Latency":0},{"Percentage":0,"Latency":0},{"Percentage":0,"Latency":0},{"Percentage":0,"Latency":0},{"Percentage":0,"Latency":0},{"Percentage":0,"Latency":0}],"Histogram":[{"Mark":0.0079524,"Count":1,"Frequentcy":1},{"Mark":0.0079524,"Count":0,"Frequentcy":0},{"Mark":0.0079524,"Count":0,"Frequentcy":0},{"Mark":0.0079524,"Count":0,"Frequentcy":0},{"Mark":0.0079524,"Count":0,"Frequentcy":0},{"Mark":0.0079524,"Count":0,"Frequentcy":0},{"Mark":0.0079524,"Count":0,"Frequentcy":0},{"Mark":0.0079524,"Count":0,"Frequentcy":0},{"Mark":0.0079524,"Count":0,"Frequentcy":0},{"Mark":0.0079524,"Count":0,"Frequentcy":0},{"Mark":0.0079524,"Count":0,"Frequentcy":0}],"TaskId":50,"Duration":0.0089775}