{"AvgTotal":0.0089969,"Fastest":0.0089969,"Slowest":0.0089969,"Average":0.0089969,"Rps":111.14939590303327,"AvgConn":0.0037805,"AvgDNS":0.0037805,"AvgReq":0,"AvgRes":0,"AvgDelay":0.0030188,"ConnMax":0.0037805,"ConnMin":0.0037805,"DnsMax":0.0037805,"DnsMin":0.0037805,"ReqMin":0,"ReqMax":0,"ResMin":0,"ResMax":0,"DelayMax":0.0030188,"DelayMin":0.0030188,"Lats":[0.0089969],"ConnLats":[0.0037805],"DnsLats":[0.0037805],"ReqLats":[0],"ResLats":[0],"DelayLats":[0.0030188],"Total":8996900,"ErrorDist":{},"StatusCodeDist":{"200":1},"SizeTotal":62,"SizeReq":62,"NumRes":1,"LatencyDistribution":[{"Percentage":0,"Latency":0},{"Percentage":0,"Latency":0},{"Percentage":0,"Latency":0},{"Percentage":0,"Latency":0},{"Percentage":0,"Latency":0},{"Percentage":0,"Latency":0},{"Percentage":0,"Latency":0}],"Histogram":[{"Mark":0.0089969,"Count":1,"Frequentcy":1},{"Mark":0.0089969,"Count":0,"Frequentcy":0},{"Mark":0.0089969,"Count":0,"Frequentcy":0},{"Mark":0.0089969,"Count":0,"Frequentcy":0},{"Mark":0.0089969,"Count":0,"Frequentcy":0},{"Mark":0.0089969,"Count":0,"Frequentcy":0},{"Mark":0.0089969,"Count":0,"Frequentcy":0},{"Mark":0.0089969,"Count":0,"Frequentcy":0},{"Mark":0.0089969,"Count":0,"Frequentcy":0},{"Mark":0.0089969,"Count":0,"Frequentcy":0},{"Mark":0.0089969,"Count":0,"Frequentcy":0}],"TaskId":53,"Duration":0.0089969}