{"AvgTotal":0.0199465,"Fastest":0.0199465,"Slowest":0.0199465,"Average":0.0199465,"Rps":50.134108740881864,"AvgConn":0.0010123,"AvgDNS":0,"AvgReq":0.0009504,"AvgRes":0,"AvgDelay":0.0179838,"ConnMax":0,"ConnMin":0,"DnsMax":0,"DnsMin":0,"ReqMin":0.0009504,"ReqMax":0.0009504,"ResMin":0.0009504,"ResMax":0,"DelayMax":0.0179838,"DelayMin":0.0179838,"Lats":[0.0199465],"ConnLats":[0],"DnsLats":[0],"ReqLats":[0.0009504],"ResLats":[0],"DelayLats":[0.0179838],"Total":19946500,"ErrorDist":{},"StatusCodeDist":{"200":1},"SizeTotal":12,"SizeReq":12,"NumRes":1,"LatencyDistribution":[{"Percentage":0,"Latency":0},{"Percentage":0,"Latency":0},{"Percentage":0,"Latency":0},{"Percentage":0,"Latency":0},{"Percentage":0,"Latency":0},{"Percentage":0,"Latency":0},{"Percentage":0,"Latency":0}],"Histogram":[{"Mark":0.0199465,"Count":1,"Frequentcy":1},{"Mark":0.0199465,"Count":0,"Frequentcy":0},{"Mark":0.0199465,"Count":0,"Frequentcy":0},{"Mark":0.0199465,"Count":0,"Frequentcy":0},{"Mark":0.0199465,"Count":0,"Frequentcy":0},{"Mark":0.0199465,"Count":0,"Frequentcy":0},{"Mark":0.0199465,"Count":0,"Frequentcy":0},{"Mark":0.0199465,"Count":0,"Frequentcy":0},{"Mark":0.0199465,"Count":0,"Frequentcy":0},{"Mark":0.0199465,"Count":0,"Frequentcy":0},{"Mark":0.0199465,"Count":0,"Frequentcy":0}],"TaskId":59,"Duration":0.0199465}