{"AvgTotal":229.3807653,"Fastest":229.3807653,"Slowest":229.3807653,"Average":229.3807653,"Rps":0.004359563447668033,"AvgConn":0,"AvgDNS":0,"AvgReq":0,"AvgRes":0.0010357,"AvgDelay":229.3797296,"ConnMax":0,"ConnMin":0,"DnsMax":0,"DnsMin":0,"ReqMin":0,"ReqMax":0,"ResMin":0,"ResMax":0.0010357,"DelayMax":229.3797296,"DelayMin":229.3797296,"Lats":[229.3807653],"ConnLats":[0],"DnsLats":[0],"ReqLats":[0],"ResLats":[0.0010357],"DelayLats":[229.3797296],"Total":229380765300,"ErrorDist":{},"StatusCodeDist":{"400":1},"SizeTotal":15,"SizeReq":15,"NumRes":1,"LatencyDistribution":[{"Percentage":0,"Latency":0},{"Percentage":0,"Latency":0},{"Percentage":0,"Latency":0},{"Percentage":0,"Latency":0},{"Percentage":0,"Latency":0},{"Percentage":0,"Latency":0},{"Percentage":0,"Latency":0}],"Histogram":[{"Mark":229.3807653,"Count":1,"Frequentcy":1},{"Mark":229.3807653,"Count":0,"Frequentcy":0},{"Mark":229.3807653,"Count":0,"Frequentcy":0},{"Mark":229.3807653,"Count":0,"Frequentcy":0},{"Mark":229.3807653,"Count":0,"Frequentcy":0},{"Mark":229.3807653,"Count":0,"Frequentcy":0},{"Mark":229.3807653,"Count":0,"Frequentcy":0},{"Mark":229.3807653,"Count":0,"Frequentcy":0},{"Mark":229.3807653,"Count":0,"Frequentcy":0},{"Mark":229.3807653,"Count":0,"Frequentcy":0},{"Mark":229.3807653,"Count":0,"Frequentcy":0}],"TaskId":62,"Duration":229.3807653}