{"AvgTotal":0.0019631,"Fastest":0.0019631,"Slowest":0.0019631,"Average":0.0019631,"Rps":509.39840048902244,"AvgConn":0,"AvgDNS":0,"AvgReq":0.0009978,"AvgRes":0,"AvgDelay":0,"ConnMax":0,"ConnMin":0,"DnsMax":0,"DnsMin":0,"ReqMin":0.0009978,"ReqMax":0.0009978,"ResMin":0.0009978,"ResMax":0,"DelayMax":0,"DelayMin":0,"Lats":[0.0019631],"ConnLats":[0],"DnsLats":[0],"ReqLats":[0.0009978],"ResLats":[0],"DelayLats":[0],"Total":1963100,"ErrorDist":{},"StatusCodeDist":{"400":1},"SizeTotal":15,"SizeReq":15,"NumRes":1,"LatencyDistribution":[{"Percentage":0,"Latency":0},{"Percentage":0,"Latency":0},{"Percentage":0,"Latency":0},{"Percentage":0,"Latency":0},{"Percentage":0,"Latency":0},{"Percentage":0,"Latency":0},{"Percentage":0,"Latency":0}],"Histogram":[{"Mark":0.0019631,"Count":1,"Frequentcy":1},{"Mark":0.0019631,"Count":0,"Frequentcy":0},{"Mark":0.0019631,"Count":0,"Frequentcy":0},{"Mark":0.0019631,"Count":0,"Frequentcy":0},{"Mark":0.0019631,"Count":0,"Frequentcy":0},{"Mark":0.0019631,"Count":0,"Frequentcy":0},{"Mark":0.0019631,"Count":0,"Frequentcy":0},{"Mark":0.0019631,"Count":0,"Frequentcy":0},{"Mark":0.0019631,"Count":0,"Frequentcy":0},{"Mark":0.0019631,"Count":0,"Frequentcy":0},{"Mark":0.0019631,"Count":0,"Frequentcy":0}],"TaskId":63,"Duration":0.0019631}