{"AvgTotal":0.0388944,"Fastest":0.0388944,"Slowest":0.0388944,"Average":0.0388944,"Rps":25.71064214899831,"AvgConn":0.0020083,"AvgDNS":0,"AvgReq":0,"AvgRes":0,"AvgDelay":0.0079684,"ConnMax":0,"ConnMin":0,"DnsMax":0,"DnsMin":0,"ReqMin":0,"ReqMax":0,"ResMin":0,"ResMax":0,"DelayMax":0.0079684,"DelayMin":0.0079684,"Lats":[0.0388944],"ConnLats":[0],"DnsLats":[0],"ReqLats":[0],"ResLats":[0],"DelayLats":[0.0079684],"Total":38894400,"ErrorDist":{},"StatusCodeDist":{"200":1},"SizeTotal":16,"SizeReq":16,"NumRes":1,"LatencyDistribution":[{"Percentage":0,"Latency":0},{"Percentage":0,"Latency":0},{"Percentage":0,"Latency":0},{"Percentage":0,"Latency":0},{"Percentage":0,"Latency":0},{"Percentage":0,"Latency":0},{"Percentage":0,"Latency":0}],"Histogram":[{"Mark":0.0388944,"Count":1,"Frequentcy":1},{"Mark":0.0388944,"Count":0,"Frequentcy":0},{"Mark":0.0388944,"Count":0,"Frequentcy":0},{"Mark":0.0388944,"Count":0,"Frequentcy":0},{"Mark":0.0388944,"Count":0,"Frequentcy":0},{"Mark":0.0388944,"Count":0,"Frequentcy":0},{"Mark":0.0388944,"Count":0,"Frequentcy":0},{"Mark":0.0388944,"Count":0,"Frequentcy":0},{"Mark":0.0388944,"Count":0,"Frequentcy":0},{"Mark":0.0388944,"Count":0,"Frequentcy":0},{"Mark":0.0388944,"Count":0,"Frequentcy":0}],"TaskId":65,"Duration":0.0388944}