{"AvgTotal":0.2453436,"Fastest":0.2453436,"Slowest":0.2453436,"Average":0.2453436,"Rps":4.075916388281578,"AvgConn":0.0009967,"AvgDNS":0,"AvgReq":0,"AvgRes":0.0009973,"AvgDelay":0.195478,"ConnMax":0,"ConnMin":0,"DnsMax":0,"DnsMin":0,"ReqMin":0,"ReqMax":0,"ResMin":0,"ResMax":0.0009973,"DelayMax":0.195478,"DelayMin":0.195478,"Lats":[0.2453436],"ConnLats":[0],"DnsLats":[0],"ReqLats":[0],"ResLats":[0.0009973],"DelayLats":[0.195478],"Total":245343600,"ErrorDist":{},"StatusCodeDist":{"200":1},"SizeTotal":0,"SizeReq":0,"NumRes":1,"LatencyDistribution":[{"Percentage":0,"Latency":0},{"Percentage":0,"Latency":0},{"Percentage":0,"Latency":0},{"Percentage":0,"Latency":0},{"Percentage":0,"Latency":0},{"Percentage":0,"Latency":0},{"Percentage":0,"Latency":0}],"Histogram":[{"Mark":0.2453436,"Count":1,"Frequentcy":1},{"Mark":0.2453436,"Count":0,"Frequentcy":0},{"Mark":0.2453436,"Count":0,"Frequentcy":0},{"Mark":0.2453436,"Count":0,"Frequentcy":0},{"Mark":0.2453436,"Count":0,"Frequentcy":0},{"Mark":0.2453436,"Count":0,"Frequentcy":0},{"Mark":0.2453436,"Count":0,"Frequentcy":0},{"Mark":0.2453436,"Count":0,"Frequentcy":0},{"Mark":0.2453436,"Count":0,"Frequentcy":0},{"Mark":0.2453436,"Count":0,"Frequentcy":0},{"Mark":0.2453436,"Count":0,"Frequentcy":0}],"TaskId":70,"Duration":0.2453436}