{"AvgTotal":0.1858569,"Fastest":0.1858569,"Slowest":0.1858569,"Average":0.1858569,"Rps":5.380483587103842,"AvgConn":0,"AvgDNS":0,"AvgReq":0,"AvgRes":0.0031996,"AvgDelay":0.1816876,"ConnMax":0,"ConnMin":0,"DnsMax":0,"DnsMin":0,"ReqMin":0,"ReqMax":0,"ResMin":0,"ResMax":0.0031996,"DelayMax":0.1816876,"DelayMin":0.1816876,"Lats":[0.1858569],"ConnLats":[0],"DnsLats":[0],"ReqLats":[0],"ResLats":[0.0031996],"DelayLats":[0.1816876],"Total":185856900,"ErrorDist":{},"StatusCodeDist":{"200":1},"SizeTotal":0,"SizeReq":0,"NumRes":1,"LatencyDistribution":[{"Percentage":0,"Latency":0},{"Percentage":0,"Latency":0},{"Percentage":0,"Latency":0},{"Percentage":0,"Latency":0},{"Percentage":0,"Latency":0},{"Percentage":0,"Latency":0},{"Percentage":0,"Latency":0}],"Histogram":[{"Mark":0.1858569,"Count":1,"Frequentcy":1},{"Mark":0.1858569,"Count":0,"Frequentcy":0},{"Mark":0.1858569,"Count":0,"Frequentcy":0},{"Mark":0.1858569,"Count":0,"Frequentcy":0},{"Mark":0.1858569,"Count":0,"Frequentcy":0},{"Mark":0.1858569,"Count":0,"Frequentcy":0},{"Mark":0.1858569,"Count":0,"Frequentcy":0},{"Mark":0.1858569,"Count":0,"Frequentcy":0},{"Mark":0.1858569,"Count":0,"Frequentcy":0},{"Mark":0.1858569,"Count":0,"Frequentcy":0},{"Mark":0.1858569,"Count":0,"Frequentcy":0}],"TaskId":72,"Duration":0.1858569}