{"AvgTotal":0.0538989,"Fastest":0.0538989,"Slowest":0.0538989,"Average":0.0538989,"Rps":18.55325433357638,"AvgConn":0.0009959,"AvgDNS":0,"AvgReq":0,"AvgRes":0,"AvgDelay":0.052903,"ConnMax":0,"ConnMin":0,"DnsMax":0,"DnsMin":0,"ReqMin":0,"ReqMax":0,"ResMin":0,"ResMax":0,"DelayMax":0.052903,"DelayMin":0.052903,"Lats":[0.0538989],"ConnLats":[0],"DnsLats":[0],"ReqLats":[0],"ResLats":[0],"DelayLats":[0.052903],"Total":53898900,"ErrorDist":{},"StatusCodeDist":{"200":1},"SizeTotal":16,"SizeReq":16,"NumRes":1,"LatencyDistribution":[{"Percentage":0,"Latency":0},{"Percentage":0,"Latency":0},{"Percentage":0,"Latency":0},{"Percentage":0,"Latency":0},{"Percentage":0,"Latency":0},{"Percentage":0,"Latency":0},{"Percentage":0,"Latency":0}],"Histogram":[{"Mark":0.0538989,"Count":1,"Frequentcy":1},{"Mark":0.0538989,"Count":0,"Frequentcy":0},{"Mark":0.0538989,"Count":0,"Frequentcy":0},{"Mark":0.0538989,"Count":0,"Frequentcy":0},{"Mark":0.0538989,"Count":0,"Frequentcy":0},{"Mark":0.0538989,"Count":0,"Frequentcy":0},{"Mark":0.0538989,"Count":0,"Frequentcy":0},{"Mark":0.0538989,"Count":0,"Frequentcy":0},{"Mark":0.0538989,"Count":0,"Frequentcy":0},{"Mark":0.0538989,"Count":0,"Frequentcy":0},{"Mark":0.0538989,"Count":0,"Frequentcy":0}],"TaskId":81,"Duration":0.0538989}