{"AvgTotal":0.0029921,"Fastest":0.0029921,"Slowest":0.0029921,"Average":0.0029921,"Rps":334.21342869556497,"AvgConn":0,"AvgDNS":0,"AvgReq":0,"AvgRes":0,"AvgDelay":0.0019944,"ConnMax":0,"ConnMin":0,"DnsMax":0,"DnsMin":0,"ReqMin":0,"ReqMax":0,"ResMin":0,"ResMax":0,"DelayMax":0.0019944,"DelayMin":0.0019944,"Lats":[0.0029921],"ConnLats":[0],"DnsLats":[0],"ReqLats":[0],"ResLats":[0],"DelayLats":[0.0019944],"Total":2992100,"ErrorDist":{},"StatusCodeDist":{"404":1},"SizeTotal":19,"SizeReq":19,"NumRes":1,"LatencyDistribution":[{"Percentage":0,"Latency":0},{"Percentage":0,"Latency":0},{"Percentage":0,"Latency":0},{"Percentage":0,"Latency":0},{"Percentage":0,"Latency":0},{"Percentage":0,"Latency":0},{"Percentage":0,"Latency":0}],"Histogram":[{"Mark":0.0029921,"Count":1,"Frequentcy":1},{"Mark":0.0029921,"Count":0,"Frequentcy":0},{"Mark":0.0029921,"Count":0,"Frequentcy":0},{"Mark":0.0029921,"Count":0,"Frequentcy":0},{"Mark":0.0029921,"Count":0,"Frequentcy":0},{"Mark":0.0029921,"Count":0,"Frequentcy":0},{"Mark":0.0029921,"Count":0,"Frequentcy":0},{"Mark":0.0029921,"Count":0,"Frequentcy":0},{"Mark":0.0029921,"Count":0,"Frequentcy":0},{"Mark":0.0029921,"Count":0,"Frequentcy":0},{"Mark":0.0029921,"Count":0,"Frequentcy":0}],"TaskId":84,"Duration":0.0029921}