{"AvgTotal":0.012005,"Fastest":0.012005,"Slowest":0.012005,"Average":0.012005,"Rps":83.29862557267805,"AvgConn":0.0010236,"AvgDNS":0,"AvgReq":0,"AvgRes":0,"AvgDelay":0.008987,"ConnMax":0,"ConnMin":0,"DnsMax":0,"DnsMin":0,"ReqMin":0,"ReqMax":0,"ResMin":0,"ResMax":0,"DelayMax":0.008987,"DelayMin":0.008987,"Lats":[0.012005],"ConnLats":[0],"DnsLats":[0],"ReqLats":[0],"ResLats":[0],"DelayLats":[0.008987],"Total":12005000,"ErrorDist":{},"StatusCodeDist":{"200":1},"SizeTotal":16,"SizeReq":16,"NumRes":1,"LatencyDistribution":[{"Percentage":0,"Latency":0},{"Percentage":0,"Latency":0},{"Percentage":0,"Latency":0},{"Percentage":0,"Latency":0},{"Percentage":0,"Latency":0},{"Percentage":0,"Latency":0},{"Percentage":0,"Latency":0}],"Histogram":[{"Mark":0.012005,"Count":1,"Frequentcy":1},{"Mark":0.012005,"Count":0,"Frequentcy":0},{"Mark":0.012005,"Count":0,"Frequentcy":0},{"Mark":0.012005,"Count":0,"Frequentcy":0},{"Mark":0.012005,"Count":0,"Frequentcy":0},{"Mark":0.012005,"Count":0,"Frequentcy":0},{"Mark":0.012005,"Count":0,"Frequentcy":0},{"Mark":0.012005,"Count":0,"Frequentcy":0},{"Mark":0.012005,"Count":0,"Frequentcy":0},{"Mark":0.012005,"Count":0,"Frequentcy":0},{"Mark":0.012005,"Count":0,"Frequentcy":0}],"TaskId":85,"Duration":0.012005}