{"AvgTotal":1.2645543000000001,"Fastest":0.124329,"Slowest":0.1283407,"Average":0.12645543,"Rps":77.91760524915323,"AvgConn":0.05815838999999999,"AvgDNS":0,"AvgReq":0,"AvgRes":0.00009518000000000001,"AvgDelay":0.06769971,"ConnMax":0,"ConnMin":0,"DnsMax":0,"DnsMin":0,"ReqMin":0,"ReqMax":0,"ResMin":0,"ResMax":0,"DelayMax":0.0671789,"DelayMin":0.06917,"Lats":[0.124329,0.124329,0.1253318,0.1263361,0.1273889,0.1263846,0.1263846,0.1273889,0.1283407,0.1283407],"ConnLats":[0,0,0,0,0,0,0,0,0,0],"DnsLats":[0,0,0,0,0,0,0,0,0,0],"ReqLats":[0,0,0,0,0,0,0,0,0,0],"ResLats":[0,0,0,0,0,0,0,0,0.0009518,0],"DelayLats":[0.0681672,0.0681672,0.06917,0.0671789,0.067227,0.067227,0.067227,0.067227,0.067227,0.0681788],"Total":128340700,"ErrorDist":{},"StatusCodeDist":{"404":10},"SizeTotal":5640,"SizeReq":564,"NumRes":10,"LatencyDistribution":[{"Percentage":10,"Latency":0.124329},{"Percentage":25,"Latency":0.1263361},{"Percentage":50,"Latency":0.1263846},{"Percentage":75,"Latency":0.1283407},{"Percentage":90,"Latency":0.1283407},{"Percentage":0,"Latency":0},{"Percentage":0,"Latency":0}],"Histogram":[{"Mark":0.124329,"Count":2,"Frequentcy":0.2},{"Mark":0.12473017,"Count":0,"Frequentcy":0},{"Mark":0.12513134,"Count":0,"Frequentcy":0},{"Mark":0.12553250999999999,"Count":1,"Frequentcy":0.1},{"Mark":0.12593368,"Count":0,"Frequentcy":0},{"Mark":0.12633485,"Count":0,"Frequentcy":0},{"Mark":0.12673602,"Count":3,"Frequentcy":0.3},{"Mark":0.12713719,"Count":0,"Frequentcy":0},{"Mark":0.12753836,"Count":2,"Frequentcy":0.2},{"Mark":0.12793953,"Count":0,"Frequentcy":0},{"Mark":0.1283407,"Count":2,"Frequentcy":0.2}],"TaskId":9,"Duration":0.1283407}